This is pdfTeX, Version 3.141592653-2.6-1.40.25 (TeX Live 2023) (preloaded format=pdflatex 2023.10.18)  13 AUG 2026 21:14
entering extended mode
 restricted \write18 enabled.
 file:line:error style messages enabled.
 %&-line parsing enabled.
**presentations_spanish.tex
(./presentations_spanish.tex
LaTeX2e <2022-11-01> patch level 1
L3 programming layer <2023-02-22>
./presentations_spanish.tex:1: Undefined control sequence.
l.1 \section
            {Presentaciones y talleres}
? 

./presentations_spanish.tex:1: LaTeX Error: Missing \begin{document}.

See the LaTeX manual or LaTeX Companion for explanation.
Type  H <return>  for immediate help.
 ...                                              
                                                  
l.1 \section{P
              resentaciones y talleres}
? 
Missing character: There is no P in font nullfont!
Missing character: There is no r in font nullfont!
Missing character: There is no e in font nullfont!
Missing character: There is no s in font nullfont!
Missing character: There is no e in font nullfont!
Missing character: There is no n in font nullfont!
Missing character: There is no t in font nullfont!
Missing character: There is no a in font nullfont!
Missing character: There is no c in font nullfont!
Missing character: There is no i in font nullfont!
Missing character: There is no o in font nullfont!
Missing character: There is no n in font nullfont!
Missing character: There is no e in font nullfont!
Missing character: There is no s in font nullfont!
Missing character: There is no y in font nullfont!
Missing character: There is no t in font nullfont!
Missing character: There is no a in font nullfont!
Missing character: There is no l in font nullfont!
Missing character: There is no l in font nullfont!
Missing character: There is no e in font nullfont!
Missing character: There is no r in font nullfont!
Missing character: There is no e in font nullfont!
Missing character: There is no s in font nullfont!

Overfull \hbox (20.0pt too wide) in paragraph at lines 1--2
[]
 []

./presentations_spanish.tex:3: Undefined control sequence.
l.3 \cventry
            {july 2026}
? 
./presentations_spanish.tex:3: Emergency stop.
l.3 
    
End of file on the terminal!

 
Here is how much of TeX's memory you used:
 16 strings out of 476025
 439 string characters out of 5790016
 1849388 words of memory out of 5000000
 20569 multiletter control sequences out of 15000+600000
 512287 words of font info for 32 fonts, out of 8000000 for 9000
 1141 hyphenation exceptions out of 8191
 13i,0n,12p,93b,18s stack positions out of 10000i,1000n,20000p,200000b,200000s
./presentations_spanish.tex:3:  ==> Fatal error occurred, no output PDF file pr
oduced!
